exports[`test Rover Grid Cell renders correctly 1`] = `
<td
  className="RoverGridCell" />
`;

exports[`test Rover Grid renders correctly 1`] = `
<div>
  <table>
    <tbody>
      <tr>
        <td
          className="RoverGridCell" />
        <td
          className="RoverGridCell" />
        <td
          className="RoverGridCell" />
        <td
          className="RoverGridCell" />
        <td
          className="RoverGridCell" />
      </tr>
      <tr>
        <td
          className="RoverGridCell" />
        <td
          className="RoverGridCell" />
        <td
          className="RoverGridCell" />
        <td
          className="RoverGridCell" />
        <td
          className="RoverGridCell" />
      </tr>
      <tr>
        <td
          className="RoverGridCell" />
        <td
          className="RoverGridCell" />
        <td
          className="RoverGridCell" />
        <td
          className="RoverGridCell" />
        <td
          className="RoverGridCell" />
      </tr>
      <tr>
        <td
          className="RoverGridCell" />
        <td
          className="RoverGridCell" />
        <td
          className="RoverGridCell" />
        <td
          className="RoverGridCell" />
        <td
          className="RoverGridCell" />
      </tr>
      <tr>
        <td
          className="RoverGridCell RoverGridCellRover" />
        <td
          className="RoverGridCell" />
        <td
          className="RoverGridCell" />
        <td
          className="RoverGridCell" />
        <td
          className="RoverGridCell" />
      </tr>
    </tbody>
  </table>
</div>
`;
